node.exe : [2m7:06:32 a.┬ám.[22m [33m[1m[vite][22m[39m 
[33mwarning: `esbuild` option was specified by 
"vite:react-babel" plugin. This option is deprecated, please use 
`oxc` instead.[39m
En línea: 1 Carácter: 1
+ & "C:\Program Files\nodejs/node.exe" "C:\Program 
Files\nodejs/node_mo ...
+ ~~~~~~~~~~~~~~~~~~~~~~~~~~~~~~~~~~~~~~~~~~~~~~~~~~~~~~~~~~~~~~~~
~~~~~
    + CategoryInfo          : NotSpecified: ([2m7:06:32 a.┬...`  
   instead.[39m:String) [], RemoteException
    + FullyQualifiedErrorId : NativeCommandError
 
[2m7:06:32 a.┬ám.[22m [33m[1m[vite][22m[39m [33mwarning: 
`optimizeDeps.esbuildOptions` option was specified by 
"vite:react-babel" plugin. This option is deprecated, please use 
`optimizeDeps.rolldownOptions` instead.[39m
[33mBoth esbuild and oxc options were set. oxc options will be 
used and esbuild options will be ignored.[39m The following 
esbuild options were set: `{ jsx: 'automatic', jsxImportSource: 
undefined }`

[1m[46m RUN [49m[22m [36mv4.1.0 [39m[90mC:/Proyectos/curso de gravity/gestoreducativo[39m

[90mstderr[2m | assets/js/__tests__/Login.test.jsx
[22m[39mGoTrueClient@sb-nnyxempayhkokekuyrlu-auth-token:1 
(2.98.0) 2026-03-16T12:06:33.681Z Multiple GoTrueClient instances 
detected in the same browser context. It is not an error, but 
this should be avoided as it may produce undefined behavior when 
used concurrently under the same storage key.

 [31mÔØ»[39m assets/js/__tests__/Login.test.jsx [2m([22m[2m4 tests[22m[2m | [22m[31m2 failed[39m[2m)[22m[33m 2211[2mms[22m[39m
     [32mÔ£ô[39m debe renderizar el formulario de login por defecto[32m 27[2mms[22m[39m
[31m     [31m├ù[31m debe iniciar sesi├│n exitosamente y navegar al dashboard[39m[33m 1121[2mms[22m[39m
[31m     [31m├ù[31m debe fallar inicio de sesi├│n si el perfil en BD tiene otro rol[39m[33m 1052[2mms[22m[39m
     [32mÔ£ô[39m debe cambiar a la vista de registro estudiantil al clicar el enlace correspondiente[32m 9[2mms[22m[39m

[31mÔÄ»ÔÄ»ÔÄ»ÔÄ»ÔÄ»ÔÄ»ÔÄ»[39m[1m[41m Failed Tests 2 
[49m[22m[31mÔÄ»ÔÄ»ÔÄ»ÔÄ»ÔÄ»ÔÄ»ÔÄ»[39m

[41m[1m FAIL [22m[49m assets/js/__tests__/Login.test.jsx[2m 
> [22mLoginPage Integraci├│n[2m > [22mdebe iniciar sesi├│n 
exitosamente y navegar al dashboard
[31m[1mAssertionError[22m[39m: expected "vi.fn()" to be 
called with arguments: [ { email: 'admin@test.com', ÔÇª(1) } 
][90m

Number of calls: [1m0[22m
[39m

Ignored nodes: comments, script, style
[36m<html>[39m
  [36m<head />[39m
  [36m<body>[39m
    [36m<div>[39m
      [36m<div[39m
        [33mclass[39m=[32m"login-page"[39m
      [36m>[39m
        [36m<div[39m
          [33mclass[39m=[32m"login-container 
animate-scaleIn"[39m
        [36m>[39m
          [36m<div[39m
            [33mclass[39m=[32m"login-branding"[39m
          [36m>[39m
            [36m<div[39m
              [33mclass[39m=[32m"login-branding-content"[39m
            [36m>[39m
              [36m<div[39m
                [33mclass[39m=[32m"mb-6 flex 
justify-center"[39m
              [36m>[39m
                [36m<img[39m
                  [33malt[39m=[32m"Logo"[39m
                  [33mclass[39m=[32m"w-80 h-80 
object-contain"[39m
                  [33msrc[39m=[32m"/images/escudo.webp"[39m
                [36m/>[39m
              [36m</div>[39m
              [36m<h1[39m
                [33mclass[39m=[32m"text-4xl font-extrabold 
text-white mb-2 leading-tight"[39m
              [36m>[39m
                [0mJardin Infantil Mis Peque├▒os Genios[0m
              [36m</h1>[39m
              [36m<p[39m
                [33mclass[39m=[32m"text-blue-100 text-lg 
opacity-90"[39m
              [36m>[39m
                [0mJard├¡n Infantil & Preescolar[0m
              [36m</p>[39m
              [36m<div[39m
                [33mclass[39m=[32m"mt-auto pt-10"[39m
              [36m>[39m
                [36m<p[39m
                  [33mclass[39m=[32m"text-sm 
text-blue-200"[39m
                [36m>[39m
                  [0m┬® 2026 Todos los derechos reservados[0m
                [36m</p>[39m
              [36m</div>[39m
            [36m</div>[39m
          [36m</div>[39m
          [36m<div[39m
            [33mclass[39m=[32m"login-form-panel"[39m
          [36m>[39m
            [36m<div[39m
              [33mclass[39m=[32m"w-full max-w-sm"[39m
            [36m>[39m
              [36m<h2[39m
                [33mclass[39m=[32m"text-3xl font-black 
text-slate-800 mb-2"[39m
              [36m>[39m
                [0m┬íHola de nuevo![0m
              [36m</h2>[39m
              [36m<p[39m
                [33mclass[39m=[32m"text-slate-500 mb-8 
font-medium"[39m
              [36m>[39m
                [0mPor favor elige tu rol para ingresar.[0m
              [36m</p>[39m
              [36m<div[39m
                [33mclass[39m=[32m"role-selector mb-8"[39m
              [36m>[39m
                [36m<button[39m
                  [33mclass[39m=[32m"role-btn active"[39m
                [36m>[39m
                  [36m<span[39m
                    
[33mclass[39m=[32m"material-symbols-outlined"[39m
                  [36m>[39m
                    [0madmin_panel_settings[0m
                  [36m</span>[39m
                  [36m<span>[39m
                    [0mAdmin[0m
                  [36m</span>[39m
                [36m</button>[39m
                [36m<button[39m
                  [33mclass[39m=[32m"role-btn "[39m
                [36m>[39m
                  [36m<span[39m
                    
[33mclass[39m=[32m"material-symbols-outlined"[39m
                  [36m>[39m
                    [0mperson_apron[0m
                  [36m</span>[39m
                  [36m<span>[39m
                    [0mDocente[0m
                  [36m</span>[39m
                [36m</button>[39m
                [36m<button[39m
                  [33mclass[39m=[32m"role-btn "[39m
                [36m>[39m
                  [36m<span[39m
                    
[33mclass[39m=[32m"material-symbols-outlined"[39m
                  [36m>[39m
                    [0mchild_care[0m
                  [36m</span>[39m
                  [36m<span>[39m
                    [0mEstudiante[0m
                  [36m</span>[39m
                [36m</button>[39m
              [36m</div>[39m
              [36m<form[39m
                [33mclass[39m=[32m"space-y-5"[39m
              [36m>[39m
                [36m<div[39m
                  [33mclass[39m=[32m"form-group"[39m
                [36m>[39m
                  [36m<label[39m
                    [33mclass[39m=[32m"form-label"[39m
                  [36m>[39m
                    [0mCorreo Electr├│nico[0m
                  [36m</label>[39m
                  [36m<input[39m
                    [33mclass[39m=[32m"form-input"[39m
                    
[33mplaceholder[39m=[32m"ejemplo@correo.com"[39m
                    [33mrequired[39m=[32m""[39m
                    [33mtype[39m=[32m"email"[39m
                    [33mvalue[39m=[32m"admin@test.com"[39m
                  [36m/>[39m
                [36m</div>[39m
                [36m<div[39m
                  [33mclass[39m=[32m"form-group"[39m
                [36m>[39m
                  [36m<label[39m
                    [33mclass[39m=[32m"form-label"[39m
                  [36m>[39m
                    [0mContrase├▒a[0m
                  [36m</label>[39m
                  [36m<div[39m
                    [33mclass[39m=[32m"relative"[39m
                  [36m>[39m
                    [36m<input[39m
                      [33mclass[39m=[32m"form-input pr-10"[39m
                      
[33mplaceholder[39m=[32m"ÔÇóÔÇóÔÇóÔÇóÔÇóÔÇóÔÇóÔÇó"[39m
                      [33mrequired[39m=[32m""[39m
                      [33mtype[39m=[32m"password"[39m
                      [33mvalue[39m=[32m"password123"[39m
                    [36m/>[39m
                    [36m<button[39m
                      [33mclass[39m=[32m"absolute right-3 
top-1/2 -translate-y-1/2 text-slate-400 hover:text-blue-600 
transition-colors"[39m
                      [33mtype[39m=[32m"button"[39m
                    [36m>[39m
                      [36m<span[39m
                        
[33mclass[39m=[32m"material-symbols-outlined !text-xl"[39m
                      [36m>[39m
                        [0mvisibility[0m
                      [36m</span>[39m
                    [36m</button>[39m
                  [36m</div>[39m
                  [36m<div[39m
                    [33mclass[39m=[32m"flex justify-end"[39m
                  [36m>[39m
                    [36m<button[39m
                      [33mclass[39m=[32m"text-xl font-bold 
text-blue-600 hover:underline"[39m
                      [33mtype[39m=[32m"button"[39m
                    [36m>[39m
                      [0m┬┐Olvidaste tu contrase├▒a?[0m
                    [36m</button>[39m
                  [36m</div>[39m
                [36m</div>[39m
                [36m<button[39m
                  [33mclass[39m=[32m"btn btn-primary btn-block 
py-3 mt-4"[39m
                  [33mtype[39m=[32m"submit"[39m
                [36m>[39m
                  [0mIniciar Sesi├│n[0m
                [36m</button>[39m
              [36m</form>[39m
              [36m<div[39m
                [33mclass[39m=[32m"mt-8 text-center 
space-y-3"[39m
              [36m>[39m
                [36m<div[39m
                  [33mclass[39m=[32m"flex flex-col gap-2"[39m
                [36m>[39m
                  [36m<button[39m
                    [33mclass[39m=[32m"text-blue-600 font-bold 
hover:underline transition-all text-xl"[39m
                  [36m>[39m
                    [0mCompletar Registro Estudiante[0m
                  [36m</button>[39m
                  [36m<button[39m
                    [33mclass[39m=[32m"text-slate-900 
hover:text-slate-800 font-bold transition-all text-xs uppercase 
tracking-widest"[39m
                  [36m>[39m
                    [0mRegistrar como Administrador[0m
                  [36m</button>[39m
                [36m</div>[39m
              [36m</div>[39m
            [36m</div>[39m
          [36m</div>[39m
        [36m</div>[39m
      [36m</div>[39m
    [36m</div>[39m
  [36m</body>[39m
[36m</html>[39m
[36m [2mÔØ»[22m 
assets/js/__tests__/Login.test.jsx:[2m64:58[22m[39m
    [90m 62|[39m
    [90m 63|[39m         [35mawait[39m [34mwaitFor[39m(() 
[33m=>[39m {
    [90m 64|[39m             
expect(mockSupabase.auth.signInWithPassword).toHaveBeenCalÔÇª
    [90m   |[39m                                                
          [31m^[39m
    [90m 65|[39m                 email[33m:[39m 
[32m'admin@test.com'[39m[33m,[39m
    [90m 66|[39m                 password[33m:[39m 
[32m'password123'[39m
[90m [2mÔØ»[22m runWithExpensiveErrorDiagnosticsDisabled node_m
odules/@testing-library/dom/dist/config.js:[2m47:12[22m[39m
[90m [2mÔØ»[22m checkCallback node_modules/@testing-library/dom
/dist/wait-for.js:[2m124:77[22m[39m
[90m [2mÔØ»[22m Timeout.checkRealTimersCallback node_modules/@t
esting-library/dom/dist/wait-for.js:[2m118:16[22m[39m

[31m[2mÔÄ»ÔÄ»ÔÄ»ÔÄ»ÔÄ»ÔÄ»ÔÄ»ÔÄ»ÔÄ»ÔÄ»ÔÄ»ÔÄ»ÔÄ»ÔÄ»ÔÄ»ÔÄ»ÔÄ»ÔÄ»ÔÄ»
ÔÄ»ÔÄ»ÔÄ»ÔÄ»ÔÄ»[1/2]ÔÄ»[22m[39m

[41m[1m FAIL [22m[49m assets/js/__tests__/Login.test.jsx[2m 
> [22mLoginPage Integraci├│n[2m > [22mdebe fallar inicio de 
sesi├│n si el perfil en BD tiene otro rol
[31m[1mAssertionError[22m[39m: expected "vi.fn()" to be 
called at least once

Ignored nodes: comments, script, style
[36m<html>[39m
  [36m<head />[39m
  [36m<body>[39m
    [36m<div>[39m
      [36m<div[39m
        [33mclass[39m=[32m"login-page"[39m
      [36m>[39m
        [36m<div[39m
          [33mclass[39m=[32m"login-container 
animate-scaleIn"[39m
        [36m>[39m
          [36m<div[39m
            [33mclass[39m=[32m"login-branding"[39m
          [36m>[39m
            [36m<div[39m
              [33mclass[39m=[32m"login-branding-content"[39m
            [36m>[39m
              [36m<div[39m
                [33mclass[39m=[32m"mb-6 flex 
justify-center"[39m
              [36m>[39m
                [36m<img[39m
                  [33malt[39m=[32m"Logo"[39m
                  [33mclass[39m=[32m"w-80 h-80 
object-contain"[39m
                  [33msrc[39m=[32m"/images/escudo.webp"[39m
                [36m/>[39m
              [36m</div>[39m
              [36m<h1[39m
                [33mclass[39m=[32m"text-4xl font-extrabold 
text-white mb-2 leading-tight"[39m
              [36m>[39m
                [0mJardin Infantil Mis Peque├▒os Genios[0m
              [36m</h1>[39m
              [36m<p[39m
                [33mclass[39m=[32m"text-blue-100 text-lg 
opacity-90"[39m
              [36m>[39m
                [0mJard├¡n Infantil & Preescolar[0m
              [36m</p>[39m
              [36m<div[39m
                [33mclass[39m=[32m"mt-auto pt-10"[39m
              [36m>[39m
                [36m<p[39m
                  [33mclass[39m=[32m"text-sm 
text-blue-200"[39m
                [36m>[39m
                  [0m┬® 2026 Todos los derechos reservados[0m
                [36m</p>[39m
              [36m</div>[39m
            [36m</div>[39m
          [36m</div>[39m
          [36m<div[39m
            [33mclass[39m=[32m"login-form-panel"[39m
          [36m>[39m
            [36m<div[39m
              [33mclass[39m=[32m"w-full max-w-sm"[39m
            [36m>[39m
              [36m<h2[39m
                [33mclass[39m=[32m"text-3xl font-black 
text-slate-800 mb-2"[39m
              [36m>[39m
                [0m┬íHola de nuevo![0m
              [36m</h2>[39m
              [36m<p[39m
                [33mclass[39m=[32m"text-slate-500 mb-8 
font-medium"[39m
              [36m>[39m
                [0mPor favor elige tu rol para ingresar.[0m
              [36m</p>[39m
              [36m<div[39m
                [33mclass[39m=[32m"role-selector mb-8"[39m
              [36m>[39m
                [36m<button[39m
                  [33mclass[39m=[32m"role-btn active"[39m
                [36m>[39m
                  [36m<span[39m
                    
[33mclass[39m=[32m"material-symbols-outlined"[39m
                  [36m>[39m
                    [0madmin_panel_settings[0m
                  [36m</span>[39m
                  [36m<span>[39m
                    [0mAdmin[0m
                  [36m</span>[39m
                [36m</button>[39m
                [36m<button[39m
                  [33mclass[39m=[32m"role-btn "[39m
                [36m>[39m
                  [36m<span[39m
                    
[33mclass[39m=[32m"material-symbols-outlined"[39m
                  [36m>[39m
                    [0mperson_apron[0m
                  [36m</span>[39m
                  [36m<span>[39m
                    [0mDocente[0m
                  [36m</span>[39m
                [36m</button>[39m
                [36m<button[39m
                  [33mclass[39m=[32m"role-btn "[39m
                [36m>[39m
                  [36m<span[39m
                    
[33mclass[39m=[32m"material-symbols-outlined"[39m
                  [36m>[39m
                    [0mchild_care[0m
                  [36m</span>[39m
                  [36m<span>[39m
                    [0mEstudiante[0m
                  [36m</span>[39m
                [36m</button>[39m
              [36m</div>[39m
              [36m<form[39m
                [33mclass[39m=[32m"space-y-5"[39m
              [36m>[39m
                [36m<div[39m
                  [33mclass[39m=[32m"form-group"[39m
                [36m>[39m
                  [36m<label[39m
                    [33mclass[39m=[32m"form-label"[39m
                  [36m>[39m
                    [0mCorreo Electr├│nico[0m
                  [36m</label>[39m
                  [36m<input[39m
                    [33mclass[39m=[32m"form-input"[39m
                    
[33mplaceholder[39m=[32m"ejemplo@correo.com"[39m
                    [33mrequired[39m=[32m""[39m
                    [33mtype[39m=[32m"email"[39m
                    [33mvalue[39m=[32m"test@test.com"[39m
                  [36m/>[39m
                [36m</div>[39m
                [36m<div[39m
                  [33mclass[39m=[32m"form-group"[39m
                [36m>[39m
                  [36m<label[39m
                    [33mclass[39m=[32m"form-label"[39m
                  [36m>[39m
                    [0mContrase├▒a[0m
                  [36m</label>[39m
                  [36m<div[39m
                    [33mclass[39m=[32m"relative"[39m
                  [36m>[39m
                    [36m<input[39m
                      [33mclass[39m=[32m"form-input pr-10"[39m
                      
[33mplaceholder[39m=[32m"ÔÇóÔÇóÔÇóÔÇóÔÇóÔÇóÔÇóÔÇó"[39m
                      [33mrequired[39m=[32m""[39m
                      [33mtype[39m=[32m"password"[39m
                      [33mvalue[39m=[32m"password123"[39m
                    [36m/>[39m
                    [36m<button[39m
                      [33mclass[39m=[32m"absolute right-3 
top-1/2 -translate-y-1/2 text-slate-400 hover:text-blue-600 
transition-colors"[39m
                      [33mtype[39m=[32m"button"[39m
                    [36m>[39m
                      [36m<span[39m
                        
[33mclass[39m=[32m"material-symbols-outlined !text-xl"[39m
                      [36m>[39m
                        [0mvisibility[0m
                      [36m</span>[39m
                    [36m</button>[39m
                  [36m</div>[39m
                  [36m<div[39m
                    [33mclass[39m=[32m"flex justify-end"[39m
                  [36m>[39m

[2m Test Files [22m [1m[31m1 failed[39m[22m[90m (1)[39m
[2m      Tests [22m [1m[31m2 failed[39m[22m[2m | [22m[1m[32m2 passed[39m[22m[90m (4)[39m
[2m   Start at [22m 07:06:32
[2m   Duration [22m 3.82s[2m (transform 101ms, setup 154ms, import 251ms, tests 2.21s, environment 1.02s)[22m

                    [36m<button[39m
                      [33mclass[39m=[32m"text-xl font-bold 
text-blue-600 hover:underline"[39m
                      [33mtype[39m=[32m"button"[39m
                    [36m>[39m
                      [0m┬┐Olvidaste tu contrase├▒a?[0m
                    [36m</button>[39m
                  [36m</div>[39m
                [36m</div>[39m
                [36m<button[39m
                  [33mclass[39m=[32m"btn btn-primary btn-block 
py-3 mt-4"[39m
                  [33mtype[39m=[32m"submit"[39m
                [36m>[39m
                  [0mIniciar Sesi├│n[0m
                [36m</button>[39m
              [36m</form>[39m
              [36m<div[39m
                [33mclass[39m=[32m"mt-8 text-center 
space-y-3"[39m
              [36m>[39m
                [36m<div[39m
                  [33mclass[39m=[32m"flex flex-col gap-2"[39m
                [36m>[39m
                  [36m<button[39m
                    [33mclass[39m=[32m"text-blue-600 font-bold 
hover:underline transition-all text-xl"[39m
                  [36m>[39m
                    [0mCompletar Registro Estudiante[0m
                  [36m</button>[39m
                  [36m<button[39m
                    [33mclass[39m=[32m"text-slate-900 
hover:text-slate-800 font-bold transition-all text-xs uppercase 
tracking-widest"[39m
                  [36m>[39m
                    [0mRegistrar como Administrador[0m
                  [36m</button>[39m
                [36m</div>[39m
              [36m</div>[39m
            [36m</div>[39m
          [36m</div>[39m
        [36m</div>[39m
      [36m</div>[39m
    [36m</div>[39m
  [36m</body>[39m
[36m</html>[39m
[36m [2mÔØ»[22m 
assets/js/__tests__/Login.test.jsx:[2m93:47[22m[39m
    [90m 91|[39m
    [90m 92|[39m         [35mawait[39m [34mwaitFor[39m(() 
[33m=>[39m {
    [90m 93|[39m             [34mexpect[39m(mockSupabase[33m.
[39mauth[33m.[39msignOut)[33m.[39m[34mtoHaveBeenCalled[39m(
)[33m;[39m
    [90m   |[39m                                               
[31m^[39m
    [90m 94|[39m             
expect(mostrarToast).toHaveBeenCalledWith('El usuario no tÔÇª
    [90m 95|[39m             [34mexpect[39m(mockNavigate)[33m
.[39mnot[33m.[39m[34mtoHaveBeenCalled[39m()[33m;[39m
[90m [2mÔØ»[22m runWithExpensiveErrorDiagnosticsDisabled node_m
odules/@testing-library/dom/dist/config.js:[2m47:12[22m[39m
[90m [2mÔØ»[22m checkCallback node_modules/@testing-library/dom
/dist/wait-for.js:[2m124:77[22m[39m
[90m [2mÔØ»[22m Timeout.checkRealTimersCallback node_modules/@t
esting-library/dom/dist/wait-for.js:[2m118:16[22m[39m

[31m[2mÔÄ»ÔÄ»ÔÄ»ÔÄ»ÔÄ»ÔÄ»ÔÄ»ÔÄ»ÔÄ»ÔÄ»ÔÄ»ÔÄ»ÔÄ»ÔÄ»ÔÄ»ÔÄ»ÔÄ»ÔÄ»ÔÄ»
ÔÄ»ÔÄ»ÔÄ»ÔÄ»ÔÄ»[2/2]ÔÄ»[22m[39m

